node.exe : 
(node:12848) 
ExperimentalWarning: 
CommonJS module C:\Us
ers\shash\AppData\Roa
ming\npm\node_modules
\npm\node_modules\deb
ug\src\node.js is 
loading ES Module C:\
Users\shash\AppData\R
oaming\npm\node_modul
es\npm\node_modules\s
upports-color\index.j
s using require().
At C:\Program Files\n
odejs\npx.ps1:29 
char:3
+   & $NODE_EXE 
$NPX_CLI_JS $args
+   ~~~~~~~~~~~~~~~~~
~~~~~~~~~~~~
    + CategoryInfo   
           : NotSpe  
  cified: ((node:1   
 2848) Ex...sing     
require().:Strin    
g) [], RemoteExc    
eption
    + FullyQualified 
   ErrorId : Native  
  CommandError
 
Support for loading 
ES Module in 
require() is an 
experimental feature 
and might change at 
any time
(Use `node 
--trace-warnings 
...` to show where 
the warning was 
created)
  console.log
    [dotenv@17.2.3] injecting env (3) from .env -- tip: Γ£à audit secrets and track compliance: https://dotenvx.com/ops

      at _log (node_modules/dotenv/lib/main.js:142:11)

  console.log
    MongoDB connected

      at log (app.js:68:48)

FAIL tests/issue.rout
es.test.js
  Issue Routes 
Integration Test
    POST /api/issues
      ├ù should 
create a new issue 
(101 ms)
    GET /api/issues/b
oard/:boardId
      ΓêÜ should 
return issues for a 
board (14 ms)
    PATCH 
/api/issues/:id
      ├ù should 
update issue status 
(13 ms)
    DELETE 
/api/issues/:id
      ΓêÜ should 
delete an issue (13 
ms)

  ΓùÅ Issue Routes 
Integration Test ΓÇ║ 
POST /api/issues ΓÇ║ 
should create a new 
issue

    TypeError: 
Cannot read 
properties of 
undefined (reading 
'title')

    [0m [90m 36 
|[39m               
  })[33m;[39m
     [90m 37 |[39m 
            expect(re
s[33m.[39mstatusCod
e)[33m.[39mtoEqual(
[35m201[39m)[33m;
[39m
    [31m[1m>[22m[
39m[90m 38 |[39m   
          expect(res
[33m.[39mbody[33m.
[39missue[33m.[39mt
itle)[33m.[39mtoEqu
al([32m'Integration 
Test Issue'[39m)[33
m;[39m
     [90m    |[39m 
                     
             
[31m[1m^[22m[39m
     [90m 39 |[39m 
        })[33m;[39m
     [90m 40 |[39m 
    })[33m;[39m
     [90m 41 
|[39m[0m

      at 
Object.title (tests/i
ssue.routes.test.js:3
8:35)

  ΓùÅ Issue Routes 
Integration Test ΓÇ║ 
PATCH 
/api/issues/:id ΓÇ║ 
should update issue 
status

    TypeError: 
Cannot read 
properties of 
undefined (reading 
'status')

    [0m [90m 60 
|[39m
     [90m 61 |[39m 
            expect(re
s[33m.[39mstatusCod
e)[33m.[39mtoEqual(
[35m200[39m)[33m;
[39m
    [31m[1m>[22m[
39m[90m 62 |[39m   
          expect(res
[33m.[39mbody[33m.
[39missue[33m.[39ms
tatus)[33m.[39mtoEq
ual([32m'done'[39m)
[33m;[39m
     [90m    |[39m 
                     
             
[31m[1m^[22m[39m
     [90m 63 |[39m 
        })[33m;[39m
     [90m 64 |[39m 
    })[33m;[39m
     [90m 65 
|[39m[0m

      at 
Object.status (tests/
issue.routes.test.js:
62:35)

Test Suites: 1 
failed, 1 total
Tests:       2 
failed, 2 passed, 4 
total
Snapshots:   0 total
Time:        2.124 
s, estimated 3 s
Ran all test suites 
matching /tests\\issu
e.routes.test.js/i.
